// Vitest Snapshot v1, https://vitest.dev/guide/snapshot.html

exports[`CasesPage > snapshot: CasesPage rendered DOM with table layout + status badges + filter controls 1`] = `
<div>
  <div
    class="flex flex-col gap-3 lg:gap-4"
  >
    <div
      class="flex items-start justify-between gap-3"
    >
      <div>
        <h1
          class="text-xl font-bold font-heading text-foreground"
        >
          Case Tracker
        </h1>
        <p
          class="text-xs text-muted-foreground mt-0.5"
        >
          Real-time view of processed interventions and logs.
        </p>
      </div>
    </div>
    <div
      class="flex flex-wrap items-center justify-between gap-3 mb-4"
    >
      <div
        class="flex items-center gap-2 flex-wrap"
      >
        <select
          aria-label="Filter by barangay"
          class="flex h-10 w-40 rounded-md border border-input bg-background px-3 py-2 text-sm ring-offset-background focus-visible:outline-none focus-visible:ring-2 focus-visible:ring-ring focus-visible:ring-offset-2"
        >
          <option
            value=""
          >
            All Barangays
          </option>
          <option
            value="Barangay 1"
          >
            Barangay 1
          </option>
        </select>
        <select
          aria-label="Filter by category"
          class="flex h-10 w-44 rounded-md border border-input bg-background px-3 py-2 text-sm ring-offset-background focus-visible:outline-none focus-visible:ring-2 focus-visible:ring-ring focus-visible:ring-offset-2"
        >
          <option
            value=""
          >
            All Categories
          </option>
          <option
            value="Senior"
          >
            Senior
          </option>
        </select>
        <select
          aria-label="Filter by status"
          class="flex h-10 w-36 rounded-md border border-input bg-background px-3 py-2 text-sm ring-offset-background focus-visible:outline-none focus-visible:ring-2 focus-visible:ring-ring focus-visible:ring-offset-2"
        >
          <option
            value=""
          >
            All Statuses
          </option>
          <option
            value="pending_assessment"
          >
            Pending
          </option>
          <option
            value="in_review"
          >
            In Review
          </option>
          <option
            value="approved"
          >
            Approved
          </option>
          <option
            value="disbursed"
          >
            Disbursed
          </option>
          <option
            value="closed"
          >
            Closed
          </option>
        </select>
        <select
          aria-label="Filter by gender"
          class="flex h-10 w-32 rounded-md border border-input bg-background px-3 py-2 text-sm ring-offset-background focus-visible:outline-none focus-visible:ring-2 focus-visible:ring-ring focus-visible:ring-offset-2"
        >
          <option
            value=""
          >
            All Genders
          </option>
          <option
            value="M"
          >
            M
          </option>
        </select>
        <select
          aria-label="Filter by age range"
          class="flex h-10 w-32 rounded-md border border-input bg-background px-3 py-2 text-sm ring-offset-background focus-visible:outline-none focus-visible:ring-2 focus-visible:ring-ring focus-visible:ring-offset-2"
        >
          <option
            value=""
          >
            All Ages
          </option>
        </select>
        <select
          aria-label="Filter by SLA"
          class="flex h-10 w-32 rounded-md border border-input bg-background px-3 py-2 text-sm ring-offset-background focus-visible:outline-none focus-visible:ring-2 focus-visible:ring-ring focus-visible:ring-offset-2"
        >
          <option
            value=""
          >
            All SLA
          </option>
          <option
            value="overdue"
          >
            Overdue
          </option>
          <option
            value="on_track"
          >
            On Track
          </option>
        </select>
        <input
          aria-label="Date from"
          class="flex h-10 rounded-md border border-input bg-background px-3 py-2 text-base ring-offset-background file:border-0 file:bg-transparent file:text-sm file:font-medium file:text-foreground placeholder:text-muted-foreground focus-visible:outline-none focus-visible:ring-2 focus-visible:ring-ring focus-visible:ring-offset-2 disabled:cursor-not-allowed disabled:opacity-50 md:text-sm w-36"
          type="date"
          value=""
        />
        <input
          aria-label="Date to"
          class="flex h-10 rounded-md border border-input bg-background px-3 py-2 text-base ring-offset-background file:border-0 file:bg-transparent file:text-sm file:font-medium file:text-foreground placeholder:text-muted-foreground focus-visible:outline-none focus-visible:ring-2 focus-visible:ring-ring focus-visible:ring-offset-2 disabled:cursor-not-allowed disabled:opacity-50 md:text-sm w-36"
          type="date"
          value=""
        />
        <button
          aria-label="Export CSV"
          class="inline-flex items-center justify-center gap-2 whitespace-nowrap text-sm font-medium ring-offset-background transition-all duration-200 focus-visible:outline-none focus-visible:ring-2 focus-visible:ring-ring focus-visible:ring-offset-2 disabled:pointer-events-none disabled:opacity-50 [&_svg]:pointer-events-none [&_svg]:size-4 [&_svg]:shrink-0 active:scale-[0.98] bg-primary text-primary-foreground hover:bg-primary/90 hover:shadow-md active:shadow-sm h-9 rounded-md px-3"
        >
          <svg
            aria-hidden="true"
            class="lucide lucide-download"
            fill="none"
            height="16"
            stroke="currentColor"
            stroke-linecap="round"
            stroke-linejoin="round"
            stroke-width="2"
            viewBox="0 0 24 24"
            width="16"
            xmlns="http://www.w3.org/2000/svg"
          >
            <path
              d="M12 15V3"
            />
            <path
              d="M21 15v4a2 2 0 0 1-2 2H5a2 2 0 0 1-2-2v-4"
            />
            <path
              d="m7 10 5 5 5-5"
            />
          </svg>
          Export CSV
        </button>
      </div>
      <div
        class="flex items-center gap-2"
      >
        <div
          class="relative"
        >
          <svg
            aria-hidden="true"
            class="lucide lucide-search absolute left-2.5 top-1/2 -translate-y-1/2 text-muted-foreground pointer-events-none"
            fill="none"
            height="16"
            stroke="currentColor"
            stroke-linecap="round"
            stroke-linejoin="round"
            stroke-width="2"
            viewBox="0 0 24 24"
            width="16"
            xmlns="http://www.w3.org/2000/svg"
          >
            <path
              d="m21 21-4.34-4.34"
            />
            <circle
              cx="11"
              cy="11"
              r="8"
            />
          </svg>
          <input
            aria-label="Search cases"
            class="flex h-10 rounded-md border border-input bg-background px-3 py-2 text-base ring-offset-background file:border-0 file:bg-transparent file:text-sm file:font-medium file:text-foreground placeholder:text-muted-foreground focus-visible:outline-none focus-visible:ring-2 focus-visible:ring-ring focus-visible:ring-offset-2 disabled:cursor-not-allowed disabled:opacity-50 md:text-sm w-48 pl-8"
            placeholder="Search records..."
            type="text"
            value=""
          />
        </div>
      </div>
    </div>
    <div>
      <div
        class="rounded-md border overflow-x-auto"
      >
        <div
          class="relative w-full overflow-auto"
        >
          <table
            class="w-full caption-bottom text-sm"
          >
            <thead
              class="[&_tr]:border-b"
            >
              <tr
                class="border-b transition-colors hover:bg-muted/50 data-[state=selected]:bg-muted"
              >
                <th
                  class="h-12 px-4 text-left align-middle font-medium text-muted-foreground [&:has([role=checkbox])]:pr-0"
                >
                  No.
                </th>
                <th
                  class="h-12 px-4 text-left align-middle font-medium text-muted-foreground [&:has([role=checkbox])]:pr-0"
                >
                  Surname
                </th>
                <th
                  class="h-12 px-4 text-left align-middle font-medium text-muted-foreground [&:has([role=checkbox])]:pr-0"
                >
                  First
                </th>
                <th
                  class="h-12 px-4 text-left align-middle font-medium text-muted-foreground [&:has([role=checkbox])]:pr-0"
                >
                  Middle
                </th>
                <th
                  class="h-12 px-4 text-left align-middle font-medium text-muted-foreground [&:has([role=checkbox])]:pr-0"
                >
                  Gender
                </th>
                <th
                  class="h-12 px-4 text-left align-middle font-medium text-muted-foreground [&:has([role=checkbox])]:pr-0"
                >
                  Age Range
                </th>
                <th
                  class="h-12 px-4 text-left align-middle font-medium text-muted-foreground [&:has([role=checkbox])]:pr-0"
                >
                  Category
                </th>
                <th
                  class="h-12 px-4 text-left align-middle font-medium text-muted-foreground [&:has([role=checkbox])]:pr-0"
                >
                  Status
                </th>
                <th
                  class="h-12 px-4 text-left align-middle font-medium text-muted-foreground [&:has([role=checkbox])]:pr-0"
                >
                  SLA
                </th>
                <th
                  class="h-12 px-4 text-left align-middle font-medium text-muted-foreground [&:has([role=checkbox])]:pr-0"
                >
                  Barangay
                </th>
                <th
                  class="h-12 px-4 text-left align-middle font-medium text-muted-foreground [&:has([role=checkbox])]:pr-0"
                >
                  Remarks
                </th>
                <th
                  class="h-12 px-4 text-left align-middle font-medium text-muted-foreground [&:has([role=checkbox])]:pr-0"
                >
                  Date
                </th>
                <th
                  class="h-12 px-4 text-left align-middle font-medium text-muted-foreground [&:has([role=checkbox])]:pr-0"
                >
                  Actions
                </th>
              </tr>
            </thead>
            <tbody
              class="[&_tr:last-child]:border-0"
            >
              <tr
                class="border-b transition-colors hover:bg-muted/50 data-[state=selected]:bg-muted"
                data-state="false"
              >
                <td
                  class="p-4 align-middle [&:has([role=checkbox])]:pr-0"
                >
                  <span
                    class="text-muted-foreground tabular-nums"
                  >
                    1
                  </span>
                </td>
                <td
                  class="p-4 align-middle [&:has([role=checkbox])]:pr-0"
                >
                  <button
                    class="font-medium text-primary hover:underline text-left"
                  >
                    Dela Cruz
                  </button>
                </td>
                <td
                  class="p-4 align-middle [&:has([role=checkbox])]:pr-0"
                >
                  Juan
                </td>
                <td
                  class="p-4 align-middle [&:has([role=checkbox])]:pr-0"
                >
                  M
                </td>
                <td
                  class="p-4 align-middle [&:has([role=checkbox])]:pr-0"
                >
                  M
                </td>
                <td
                  class="p-4 align-middle [&:has([role=checkbox])]:pr-0"
                >
                  <div
                    class="inline-flex items-center rounded-full border px-2.5 py-0.5 text-xs font-semibold transition-colors focus:outline-none focus:ring-2 focus:ring-ring focus:ring-offset-2 text-foreground"
                  />
                </td>
                <td
                  class="p-4 align-middle [&:has([role=checkbox])]:pr-0"
                >
                  <div
                    class="inline-flex items-center rounded-full border px-2.5 py-0.5 text-xs font-semibold transition-colors focus:outline-none focus:ring-2 focus:ring-ring focus:ring-offset-2 border-transparent bg-secondary text-secondary-foreground hover:bg-secondary/80"
                  >
                    Senior
                  </div>
                </td>
                <td
                  class="p-4 align-middle [&:has([role=checkbox])]:pr-0"
                >
                  <div
                    class="inline-flex items-center rounded-full border px-2.5 py-0.5 text-xs font-semibold transition-colors focus:outline-none focus:ring-2 focus:ring-ring focus:ring-offset-2 border-transparent bg-primary text-primary-foreground hover:bg-primary/80"
                  >
                    Approved
                  </div>
                </td>
                <td
                  class="p-4 align-middle [&:has([role=checkbox])]:pr-0"
                >
                  <span
                    class="inline-flex items-center gap-1 rounded bg-green-100 px-2 py-0.5 text-xs font-medium text-green-700"
                  >
                    On Track
                  </span>
                </td>
                <td
                  class="p-4 align-middle [&:has([role=checkbox])]:pr-0"
                >
                  Barangay 1
                </td>
                <td
                  class="p-4 align-middle [&:has([role=checkbox])]:pr-0"
                >
                  <span
                    class="text-xs"
                  >
                    Monthly
                  </span>
                </td>
                <td
                  class="p-4 align-middle [&:has([role=checkbox])]:pr-0"
                >
                  <span
                    class="text-xs text-muted-foreground tabular-nums"
                  >
                    6/28/2026, 8:00:00 AM
                  </span>
                </td>
                <td
                  class="p-4 align-middle [&:has([role=checkbox])]:pr-0"
                >
                  <span
                    class="text-muted-foreground text-xs"
                  >
                    —
                  </span>
                </td>
              </tr>
            </tbody>
          </table>
        </div>
      </div>
      <div
        class="flex items-center justify-between px-2 py-4"
      >
        <p
          class="text-sm text-muted-foreground"
        >
          Page 
          1
           of 
          1
           (
          1
           total)
        </p>
        <div
          class="flex items-center gap-1"
        >
          <nav
            aria-label="pagination"
            class="mx-auto flex w-full justify-center"
            role="navigation"
          >
            <ul
              class="flex flex-row items-center gap-1"
            >
              <li
                class=""
              >
                <a
                  aria-label="Go to previous page"
                  class="inline-flex items-center justify-center whitespace-nowrap rounded-md text-sm font-medium ring-offset-background transition-all duration-200 focus-visible:outline-none focus-visible:ring-2 focus-visible:ring-ring focus-visible:ring-offset-2 disabled:pointer-events-none disabled:opacity-50 [&_svg]:pointer-events-none [&_svg]:size-4 [&_svg]:shrink-0 active:scale-[0.98] hover:bg-accent hover:text-accent-foreground h-10 px-4 py-2 gap-1 pl-2.5 pointer-events-none opacity-50"
                >
                  <svg
                    aria-hidden="true"
                    class="lucide lucide-chevron-left h-4 w-4"
                    fill="none"
                    height="24"
                    stroke="currentColor"
                    stroke-linecap="round"
                    stroke-linejoin="round"
                    stroke-width="2"
                    viewBox="0 0 24 24"
                    width="24"
                    xmlns="http://www.w3.org/2000/svg"
                  >
                    <path
                      d="m15 18-6-6 6-6"
                    />
                  </svg>
                  <span>
                    Previous
                  </span>
                </a>
              </li>
              <li
                class=""
              >
                <a
                  aria-current="page"
                  class="inline-flex items-center justify-center gap-2 whitespace-nowrap rounded-md text-sm font-medium ring-offset-background transition-all duration-200 focus-visible:outline-none focus-visible:ring-2 focus-visible:ring-ring focus-visible:ring-offset-2 disabled:pointer-events-none disabled:opacity-50 [&_svg]:pointer-events-none [&_svg]:size-4 [&_svg]:shrink-0 active:scale-[0.98] border border-input bg-background hover:bg-accent hover:text-accent-foreground hover:shadow-sm h-10 w-10 cursor-pointer"
                >
                  1
                </a>
              </li>
              <li
                class=""
              >
                <a
                  aria-label="Go to next page"
                  class="inline-flex items-center justify-center whitespace-nowrap rounded-md text-sm font-medium ring-offset-background transition-all duration-200 focus-visible:outline-none focus-visible:ring-2 focus-visible:ring-ring focus-visible:ring-offset-2 disabled:pointer-events-none disabled:opacity-50 [&_svg]:pointer-events-none [&_svg]:size-4 [&_svg]:shrink-0 active:scale-[0.98] hover:bg-accent hover:text-accent-foreground h-10 px-4 py-2 gap-1 pr-2.5 pointer-events-none opacity-50"
                >
                  <span>
                    Next
                  </span>
                  <svg
                    aria-hidden="true"
                    class="lucide lucide-chevron-right h-4 w-4"
                    fill="none"
                    height="24"
                    stroke="currentColor"
                    stroke-linecap="round"
                    stroke-linejoin="round"
                    stroke-width="2"
                    viewBox="0 0 24 24"
                    width="24"
                    xmlns="http://www.w3.org/2000/svg"
                  >
                    <path
                      d="m9 18 6-6-6-6"
                    />
                  </svg>
                </a>
              </li>
            </ul>
          </nav>
        </div>
      </div>
    </div>
  </div>
</div>
`;
